// Jest Snapshot v1, https://goo.gl/fbAQLP

exports[`HearingDayInfoButton renders correctly 1`] = `
<div>
  <span>
    <button
      class="unselected-hearing-day-info-button cf-btn-link usa-button"
      data-css-s0bvcw=""
      type="button"
    >
      <div>
        <div
          data-css-16v9b8i=""
        >
          <div
            data-css-l6c9n4=""
          >
            Mon Apr 12th
          </div>
          <div
            data-css-134a1o=""
          >
            Video Â· Jerengal, Jonas
          </div>
        </div>
        <div
          data-css-1fnaqki=""
        >
          <div>
            2 of 6
          </div>
          <div>
            scheduled
          </div>
        </div>
      </div>
    </button>
  </span>
</div>
`;
