// Jest Snapshot v1, https://goo.gl/fbAQLP

exports[`FnodBadge renders correctly 1`] = `
<Provider
  store={
    Object {
      "dispatch": [Function],
      "getState": [Function],
      "replaceReducer": [Function],
      "subscribe": [Function],
      Symbol(observable): [Function],
    }
  }
>
  <FnodBadge
    appeal={
      Object {
        "date_of_death": "2019-03-17",
        "veteran_appellant_deceased": true,
      }
    }
  />
</Provider>
`;
